### INIT

C:\javascript-projects\hapi-web-server>npm init --y
Wrote to C:\javascript-projects\hapi-web-server\package.json:

{
  "name": "hapi-web-server",
  "version": "1.0.0",
  "description": "",
  "main": "index.js",
  "scripts": {
    "test": "echo \"Error: no test specified\" && exit 1"    
  },
  "keywords": [],
  "author": "",
  "license": "ISC"
}

C:\javascript-projects\hapi-web-server>npm run start

> hapi-web-server@1.0.0 start
> node server.js

Halo, kita akan belajar membuat server menggunakan Hapi

### Membuat HTTP Server

C:\javascript-projects\hapi-web-server>npm install @hapi/hapi

added 30 packages, and audited 31 packages in 15s

found 0 vulnerabilities

C:\javascript-projects\hapi-web-server>npm run start

> hapi-web-server@1.0.0 start
> node server.js

Server berjalan pada http://localhost:5000
...

C:\javascript-projects\hapi-web-server>curl -X GET http://localhost:5000
{"statusCode":404,"error":"Not Found","message":"Not Found"}

C:\javascript-projects\hapi-web-server>curl -X GET http://localhost:5000
Hello World!

C:\javascript-projects\hapi-web-server>curl -X GET http://localhost:5000
Homepage
C:\javascript-projects\hapi-web-server>curl -X GET http://localhost:5000/about
About Page

C:\javascript-projects\hapi-web-server>curl -X GET http://localhost:5000       
Homepage
C:\javascript-projects\hapi-web-server>curl -X GET http://localhost:5000/about
About page
C:\javascript-projects\hapi-web-server>curl -X GET http://localhost:5000/test
Halaman tidak ditemukan
C:\javascript-projects\hapi-web-server>curl -X POST http://localhost:5000      
Halaman tidak dapat diakses dengan method tersebut

### PATH PARAMETER

C:\javascript-projects\hapi-web-server>curl -X GET http://localhost:5000/hello/dicoding
Hello, dicoding
C:\javascript-projects\hapi-web-server>curl -X GET http://localhost:5000/hello         
Hello, stranger

### QUERY PARAMETERS

C:\javascript-projects\hapi-web-server>curl -X GET http://localhost:5000/hello/dicoding?lang=id
Hai, dicoding
C:\javascript-projects\hapi-web-server>curl -X GET http://localhost:5000/hello/dicoding
Hello, dicoding

### BODY/PAYLOAD REQUEST

curl -X POST -H "Content-Type: application/json" http://localhost:5000/login -d "{\"username\": \"harrypotter\",\"password\": \"encryptedpassword\"}"
Welcome harrypotter!

###